apiVersion: v1
kind: Secret
metadata:
  annotations: {}
  labels:
    name: openstack-credentials
  name: openstack-credentials
stringData:
  cloudprovider.conf: |
    [Global]
    auth-url = https://keystone.openstack.example.com/v3
    domain-name = THE_DOMAIN
    password = t-silent-test-1234/c-green-test-1234/openstack/credentials/password
    project-name = THE_PROJECT
    region = THE_REGION
    username = t-silent-test-1234/c-green-test-1234/openstack/credentials/username
type: Opaque
