apiVersion: v1
kind: ServiceAccount
metadata:
  name: yawol-controller
  namespace: syn-yawol-controller
