apiVersion: v1
kind: ServiceAccount
metadata:
  name: yawol-cloud-controller
  namespace: syn-yawol-controller
